=== seg out=/mnt/shared/work/dh_response_bulk_train/phase3/canon_seed20260821/lam01 lam=0.1 ep=80 ckpt=<G1a> ===
split: train 12 structures / val 4 / test 4
/home/duguex/.conda/envs/hamgnn_v2.0_env/lib/python3.11/site-packages/torch/cuda/__init__.py:1074: UserWarning: Can't initialize NVML
  raw_cnt = _raw_device_count_nvml()
loaded /mnt/shared/work/dh_response_g1a/g1a_embq_fix_r2.ckpt (emb_q torch.Size([24, 64]))
epoch    1 | 296.7s | train H 0.0025 d 0.7150 | val H 0.0016 d 0.7031
epoch    2 | 261.3s | train H 0.0012 d 0.6948
epoch    3 | 259.8s | train H 0.0008 d 0.6762
epoch    4 | 258.6s | train H 0.0007 d 0.6574
epoch    5 | 290.5s | train H 0.0007 d 0.6384 | val H 0.0007 d 0.6280
epoch    6 | 257.8s | train H 0.0006 d 0.6191
epoch    7 | 258.8s | train H 0.0006 d 0.5992
epoch    8 | 258.4s | train H 0.0006 d 0.5788
epoch    9 | 258.6s | train H 0.0007 d 0.5581
epoch   10 | 289.8s | train H 0.0008 d 0.5378 | val H 0.0007 d 0.5272
epoch   11 | 258.2s | train H 0.0006 d 0.5184
epoch   12 | 258.5s | train H 0.0007 d 0.4998
epoch   13 | 258.0s | train H 0.0007 d 0.4824
epoch   14 | 258.4s | train H 0.0007 d 0.4660
epoch   15 | 291.5s | train H 0.0008 d 0.4508 | val H 0.0009 d 0.4430
epoch   16 | 259.3s | train H 0.0008 d 0.4366
epoch   17 | 258.9s | train H 0.0008 d 0.4232
epoch   18 | 259.9s | train H 0.0007 d 0.4109
epoch   19 | 258.3s | train H 0.0006 d 0.3993
epoch   20 | 290.4s | train H 0.0006 d 0.3885 | val H 0.0005 d 0.3828
epoch   21 | 260.3s | train H 0.0006 d 0.3780
epoch   22 | 259.6s | train H 0.0006 d 0.3683
epoch   23 | 259.3s | train H 0.0006 d 0.3590
epoch   24 | 258.7s | train H 0.0006 d 0.3500
epoch   25 | 290.1s | train H 0.0006 d 0.3416 | val H 0.0006 d 0.3372
epoch   26 | 259.0s | train H 0.0006 d 0.3337
epoch   27 | 258.2s | train H 0.0006 d 0.3262
epoch   28 | 258.1s | train H 0.0006 d 0.3190
epoch   29 | 258.7s | train H 0.0006 d 0.3123
epoch   30 | 289.9s | train H 0.0006 d 0.3060 | val H 0.0006 d 0.3028
epoch   31 | 259.6s | train H 0.0006 d 0.2999
epoch   32 | 259.0s | train H 0.0006 d 0.2942
epoch   33 | 258.4s | train H 0.0006 d 0.2888
epoch   34 | 257.6s | train H 0.0006 d 0.2836
epoch   35 | 290.9s | train H 0.0006 d 0.2787 | val H 0.0006 d 0.2760
epoch   36 | 258.7s | train H 0.0006 d 0.2740
epoch   37 | 257.8s | train H 0.0006 d 0.2695
epoch   38 | 258.1s | train H 0.0006 d 0.2652
epoch   39 | 257.0s | train H 0.0006 d 0.2611
epoch   40 | 289.0s | train H 0.0006 d 0.2572 | val H 0.0006 d 0.2552
epoch   41 | 258.7s | train H 0.0006 d 0.2536
epoch   42 | 257.9s | train H 0.0006 d 0.2501
epoch   43 | 258.3s | train H 0.0006 d 0.2466
epoch   44 | 257.2s | train H 0.0006 d 0.2434
epoch   45 | 292.4s | train H 0.0006 d 0.2404 | val H 0.0006 d 0.2386
epoch   46 | 264.3s | train H 0.0006 d 0.2373
epoch   47 | 256.5s | train H 0.0006 d 0.2345
epoch   48 | 257.1s | train H 0.0006 d 0.2319
epoch   49 | 257.4s | train H 0.0006 d 0.2293
epoch   50 | 288.3s | train H 0.0006 d 0.2267 | val H 0.0006 d 0.2254
epoch   51 | 257.4s | train H 0.0006 d 0.2243
epoch   52 | 257.5s | train H 0.0006 d 0.2218
epoch   53 | 259.3s | train H 0.0006 d 0.2195
epoch   54 | 261.0s | train H 0.0006 d 0.2175
epoch   55 | 293.9s | train H 0.0006 d 0.2152 | val H 0.0005 d 0.2140
epoch   56 | 261.0s | train H 0.0006 d 0.2132
epoch   57 | 261.2s | train H 0.0006 d 0.2112
epoch   58 | 261.0s | train H 0.0006 d 0.2095
epoch   59 | 261.7s | train H 0.0006 d 0.2075
epoch   60 | 293.6s | train H 0.0006 d 0.2057 | val H 0.0006 d 0.2047
epoch   61 | 261.8s | train H 0.0006 d 0.2039
epoch   62 | 262.1s | train H 0.0006 d 0.2020
epoch   63 | 261.6s | train H 0.0006 d 0.2005
epoch   64 | 261.2s | train H 0.0006 d 0.1989
epoch   65 | 293.5s | train H 0.0006 d 0.1972 | val H 0.0006 d 0.1962
epoch   66 | 261.6s | train H 0.0006 d 0.1957
epoch   67 | 262.3s | train H 0.0006 d 0.1942
epoch   68 | 261.8s | train H 0.0006 d 0.1925
epoch   69 | 261.2s | train H 0.0006 d 0.1912
epoch   70 | 294.3s | train H 0.0006 d 0.1897 | val H 0.0006 d 0.1889
epoch   71 | 261.3s | train H 0.0006 d 0.1883
epoch   72 | 260.9s | train H 0.0006 d 0.1867
epoch   73 | 261.5s | train H 0.0006 d 0.1853
epoch   74 | 261.1s | train H 0.0006 d 0.1840
epoch   75 | 293.6s | train H 0.0006 d 0.1826 | val H 0.0007 d 0.1818
epoch   76 | 261.1s | train H 0.0007 d 0.1812
epoch   77 | 261.0s | train H 0.0007 d 0.1798
epoch   78 | 257.8s | train H 0.0007 d 0.1785
epoch   79 | 257.2s | train H 0.0007 d 0.1772
epoch   80 | 287.5s | train H 0.0007 d 0.1759 | val H 0.0007 d 0.1749

test (folds [4]): H rel-err 0.0007 dH/dR rel-err 0.1749
wrote /mnt/shared/work/dh_response_bulk_train/phase3/canon_seed20260821/lam01_final.ckpt (best_val 0.0182)
=== seg out=/mnt/shared/work/dh_response_bulk_train/phase3/canon_seed20260821/lam03 lam=0.3 ep=40 ckpt=/mnt/shared/work/dh_response_bulk_train/phase3/canon_seed20260821/lam01_best.ckpt ===
split: train 12 structures / val 4 / test 4
/home/duguex/.conda/envs/hamgnn_v2.0_env/lib/python3.11/site-packages/torch/cuda/__init__.py:1074: UserWarning: Can't initialize NVML
  raw_cnt = _raw_device_count_nvml()
loaded /mnt/shared/work/dh_response_bulk_train/phase3/canon_seed20260821/lam01_best.ckpt (emb_q torch.Size([24, 64]))
epoch    1 | 285.7s | train H 0.0036 d 0.1738 | val H 0.0016 d 0.1727
epoch    2 | 253.8s | train H 0.0015 d 0.1712
epoch    3 | 253.8s | train H 0.0011 d 0.1692
epoch    4 | 253.4s | train H 0.0010 d 0.1672
epoch    5 | 285.2s | train H 0.0011 d 0.1652 | val H 0.0011 d 0.1640
epoch    6 | 254.6s | train H 0.0011 d 0.1632
epoch    7 | 255.2s | train H 0.0011 d 0.1614
epoch    8 | 254.3s | train H 0.0012 d 0.1594
epoch    9 | 254.2s | train H 0.0012 d 0.1575
epoch   10 | 285.2s | train H 0.0012 d 0.1555 | val H 0.0012 d 0.1546
epoch   11 | 254.1s | train H 0.0013 d 0.1536
epoch   12 | 254.0s | train H 0.0013 d 0.1519
epoch   13 | 254.6s | train H 0.0013 d 0.1500
epoch   14 | 253.5s | train H 0.0013 d 0.1483
epoch   15 | 284.2s | train H 0.0013 d 0.1465 | val H 0.0014 d 0.1456
epoch   16 | 254.5s | train H 0.0014 d 0.1449
epoch   17 | 253.9s | train H 0.0014 d 0.1434
epoch   18 | 255.0s | train H 0.0014 d 0.1418
epoch   19 | 254.1s | train H 0.0014 d 0.1405
epoch   20 | 285.8s | train H 0.0014 d 0.1390 | val H 0.0014 d 0.1385
epoch   21 | 255.3s | train H 0.0014 d 0.1377
epoch   22 | 254.5s | train H 0.0014 d 0.1364
epoch   23 | 253.6s | train H 0.0014 d 0.1351
epoch   24 | 255.0s | train H 0.0014 d 0.1339
epoch   25 | 284.4s | train H 0.0014 d 0.1327 | val H 0.0015 d 0.1322
epoch   26 | 254.2s | train H 0.0015 d 0.1316
epoch   27 | 254.1s | train H 0.0015 d 0.1305
epoch   28 | 254.5s | train H 0.0015 d 0.1295
epoch   29 | 254.4s | train H 0.0015 d 0.1284
epoch   30 | 285.3s | train H 0.0015 d 0.1274 | val H 0.0015 d 0.1268
epoch   31 | 254.2s | train H 0.0015 d 0.1265
epoch   32 | 254.5s | train H 0.0015 d 0.1256
epoch   33 | 254.4s | train H 0.0015 d 0.1246
epoch   34 | 255.4s | train H 0.0015 d 0.1238
epoch   35 | 285.0s | train H 0.0015 d 0.1229 | val H 0.0015 d 0.1221
epoch   36 | 254.1s | train H 0.0015 d 0.1220
epoch   37 | 255.1s | train H 0.0015 d 0.1212
epoch   38 | 254.9s | train H 0.0015 d 0.1205
epoch   39 | 254.7s | train H 0.0015 d 0.1197
epoch   40 | 285.6s | train H 0.0015 d 0.1189 | val H 0.0014 d 0.1183

test (folds [4]): H rel-err 0.0014 dH/dR rel-err 0.1182
wrote /mnt/shared/work/dh_response_bulk_train/phase3/canon_seed20260821/lam03_final.ckpt (best_val 0.0369)
=== seg out=/mnt/shared/work/dh_response_bulk_train/phase3/canon_seed20260821/lam05 lam=0.5 ep=40 ckpt=/mnt/shared/work/dh_response_bulk_train/phase3/canon_seed20260821/lam03_best.ckpt ===
split: train 12 structures / val 4 / test 4
/home/duguex/.conda/envs/hamgnn_v2.0_env/lib/python3.11/site-packages/torch/cuda/__init__.py:1074: UserWarning: Can't initialize NVML
  raw_cnt = _raw_device_count_nvml()
loaded /mnt/shared/work/dh_response_bulk_train/phase3/canon_seed20260821/lam03_best.ckpt (emb_q torch.Size([24, 64]))
epoch    1 | 286.1s | train H 0.0049 d 0.1191 | val H 0.0044 d 0.1181
epoch    2 | 255.3s | train H 0.0028 d 0.1179
epoch    3 | 255.4s | train H 0.0020 d 0.1172
epoch    4 | 255.1s | train H 0.0017 d 0.1166
epoch    5 | 285.3s | train H 0.0016 d 0.1161 | val H 0.0016 d 0.1159
epoch    6 | 253.5s | train H 0.0016 d 0.1156
epoch    7 | 253.8s | train H 0.0016 d 0.1150
epoch    8 | 254.5s | train H 0.0016 d 0.1145
epoch    9 | 255.1s | train H 0.0016 d 0.1139
epoch   10 | 284.8s | train H 0.0016 d 0.1133 | val H 0.0017 d 0.1130
epoch   11 | 254.7s | train H 0.0017 d 0.1128
epoch   12 | 253.0s | train H 0.0017 d 0.1122
epoch   13 | 254.5s | train H 0.0017 d 0.1116
epoch   14 | 254.6s | train H 0.0017 d 0.1109
epoch   15 | 284.6s | train H 0.0017 d 0.1103 | val H 0.0017 d 0.1099
epoch   16 | 254.5s | train H 0.0017 d 0.1098
epoch   17 | 254.3s | train H 0.0017 d 0.1091
epoch   18 | 254.7s | train H 0.0017 d 0.1087
epoch   19 | 254.2s | train H 0.0017 d 0.1080
epoch   20 | 284.8s | train H 0.0018 d 0.1074 | val H 0.0018 d 0.1070
epoch   21 | 254.4s | train H 0.0018 d 0.1069
epoch   22 | 254.9s | train H 0.0018 d 0.1063
epoch   23 | 254.7s | train H 0.0018 d 0.1057
epoch   24 | 254.5s | train H 0.0018 d 0.1051
epoch   25 | 283.9s | train H 0.0018 d 0.1046 | val H 0.0018 d 0.1041
epoch   26 | 254.4s | train H 0.0018 d 0.1040
epoch   27 | 255.6s | train H 0.0018 d 0.1034
epoch   28 | 255.4s | train H 0.0018 d 0.1028
epoch   29 | 254.4s | train H 0.0018 d 0.1022
epoch   30 | 285.9s | train H 0.0018 d 0.1016 | val H 0.0018 d 0.1013
epoch   31 | 255.7s | train H 0.0018 d 0.1011
epoch   32 | 254.4s | train H 0.0019 d 0.1005
epoch   33 | 255.0s | train H 0.0019 d 0.0999
epoch   34 | 254.6s | train H 0.0019 d 0.0994
epoch   35 | 285.4s | train H 0.0019 d 0.0989 | val H 0.0019 d 0.0983
epoch   36 | 254.1s | train H 0.0019 d 0.0982
epoch   37 | 255.5s | train H 0.0019 d 0.0976
epoch   38 | 254.1s | train H 0.0019 d 0.0971
epoch   39 | 253.9s | train H 0.0019 d 0.0966
epoch   40 | 284.5s | train H 0.0019 d 0.0960 | val H 0.0019 d 0.0955

test (folds [4]): H rel-err 0.0019 dH/dR rel-err 0.0953
wrote /mnt/shared/work/dh_response_bulk_train/phase3/canon_seed20260821/lam05_final.ckpt (best_val 0.0496)
=== seg out=/mnt/shared/work/dh_response_bulk_train/phase3/canon_seed20260821/lam10 lam=1.0 ep=80 ckpt=/mnt/shared/work/dh_response_bulk_train/phase3/canon_seed20260821/lam05_best.ckpt ===
split: train 12 structures / val 4 / test 4
/home/duguex/.conda/envs/hamgnn_v2.0_env/lib/python3.11/site-packages/torch/cuda/__init__.py:1074: UserWarning: Can't initialize NVML
  raw_cnt = _raw_device_count_nvml()
loaded /mnt/shared/work/dh_response_bulk_train/phase3/canon_seed20260821/lam05_best.ckpt (emb_q torch.Size([24, 64]))
epoch    1 | 289.6s | train H 0.0038 d 0.0963 | val H 0.0027 d 0.0952
epoch    2 | 256.8s | train H 0.0025 d 0.0951
epoch    3 | 257.1s | train H 0.0023 d 0.0945
epoch    4 | 256.8s | train H 0.0023 d 0.0940
epoch    5 | 288.7s | train H 0.0023 d 0.0936 | val H 0.0023 d 0.0932
epoch    6 | 256.8s | train H 0.0024 d 0.0930
epoch    7 | 257.5s | train H 0.0024 d 0.0926
epoch    8 | 257.3s | train H 0.0025 d 0.0921
epoch    9 | 257.3s | train H 0.0025 d 0.0915
epoch   10 | 288.1s | train H 0.0026 d 0.0910 | val H 0.0026 d 0.0904
epoch   11 | 256.8s | train H 0.0026 d 0.0904
epoch   12 | 257.7s | train H 0.0027 d 0.0898
epoch   13 | 257.4s | train H 0.0027 d 0.0893
epoch   14 | 256.9s | train H 0.0028 d 0.0888
epoch   15 | 289.4s | train H 0.0028 d 0.0882 | val H 0.0029 d 0.0877
epoch   16 | 257.4s | train H 0.0029 d 0.0876
epoch   17 | 257.5s | train H 0.0029 d 0.0871
epoch   18 | 257.8s | train H 0.0030 d 0.0865
epoch   19 | 257.4s | train H 0.0030 d 0.0860
epoch   20 | 289.5s | train H 0.0031 d 0.0854 | val H 0.0031 d 0.0849
epoch   21 | 257.6s | train H 0.0031 d 0.0849
epoch   22 | 257.3s | train H 0.0032 d 0.0844
epoch   23 | 256.6s | train H 0.0032 d 0.0838
epoch   24 | 256.9s | train H 0.0032 d 0.0832
epoch   25 | 288.5s | train H 0.0033 d 0.0828 | val H 0.0033 d 0.0822
epoch   26 | 257.3s | train H 0.0033 d 0.0823
epoch   27 | 257.3s | train H 0.0034 d 0.0817
epoch   28 | 256.9s | train H 0.0034 d 0.0812
epoch   29 | 257.5s | train H 0.0035 d 0.0807
epoch   30 | 288.8s | train H 0.0035 d 0.0802 | val H 0.0035 d 0.0796
epoch   31 | 256.9s | train H 0.0035 d 0.0797
epoch   32 | 257.5s | train H 0.0036 d 0.0792
epoch   33 | 257.5s | train H 0.0036 d 0.0787
epoch   34 | 257.9s | train H 0.0036 d 0.0782
epoch   35 | 288.8s | train H 0.0037 d 0.0777 | val H 0.0037 d 0.0773
epoch   36 | 256.5s | train H 0.0037 d 0.0773
epoch   37 | 257.6s | train H 0.0037 d 0.0769
epoch   38 | 257.7s | train H 0.0038 d 0.0763
epoch   39 | 256.5s | train H 0.0038 d 0.0759
epoch   40 | 288.4s | train H 0.0038 d 0.0754 | val H 0.0038 d 0.0749
epoch   41 | 256.3s | train H 0.0039 d 0.0750
epoch   42 | 257.0s | train H 0.0039 d 0.0746
epoch   43 | 256.8s | train H 0.0039 d 0.0741
epoch   44 | 257.3s | train H 0.0039 d 0.0736
epoch   45 | 289.1s | train H 0.0040 d 0.0733 | val H 0.0040 d 0.0728
epoch   46 | 256.5s | train H 0.0040 d 0.0729
epoch   47 | 256.8s | train H 0.0040 d 0.0724
epoch   48 | 256.9s | train H 0.0041 d 0.0721
epoch   49 | 257.6s | train H 0.0041 d 0.0717
epoch   50 | 288.2s | train H 0.0041 d 0.0712 | val H 0.0041 d 0.0707
epoch   51 | 257.5s | train H 0.0041 d 0.0708
epoch   52 | 256.7s | train H 0.0041 d 0.0704
epoch   53 | 258.0s | train H 0.0042 d 0.0701
epoch   54 | 257.5s | train H 0.0042 d 0.0697
epoch   55 | 287.2s | train H 0.0042 d 0.0693 | val H 0.0042 d 0.0689
epoch   56 | 256.9s | train H 0.0042 d 0.0690
epoch   57 | 256.8s | train H 0.0042 d 0.0686
epoch   58 | 256.4s | train H 0.0043 d 0.0682
epoch   59 | 256.8s | train H 0.0043 d 0.0679
epoch   60 | 288.5s | train H 0.0043 d 0.0674 | val H 0.0043 d 0.0668
epoch   61 | 257.7s | train H 0.0043 d 0.0670
epoch   62 | 257.4s | train H 0.0043 d 0.0668
epoch   63 | 258.5s | train H 0.0043 d 0.0664
epoch   64 | 257.3s | train H 0.0044 d 0.0660
epoch   65 | 288.3s | train H 0.0044 d 0.0657 | val H 0.0044 d 0.0653
epoch   66 | 257.5s | train H 0.0044 d 0.0654
epoch   67 | 257.3s | train H 0.0044 d 0.0651
epoch   68 | 257.1s | train H 0.0044 d 0.0648
epoch   69 | 256.5s | train H 0.0044 d 0.0645
epoch   70 | 287.9s | train H 0.0044 d 0.0642 | val H 0.0044 d 0.0637
epoch   71 | 258.1s | train H 0.0044 d 0.0638
epoch   72 | 257.2s | train H 0.0044 d 0.0636
epoch   73 | 256.9s | train H 0.0045 d 0.0632
epoch   74 | 257.4s | train H 0.0045 d 0.0630
epoch   75 | 289.5s | train H 0.0045 d 0.0627 | val H 0.0045 d 0.0623
epoch   76 | 258.4s | train H 0.0045 d 0.0624
