split: train 12 structures / val 4 / test 4
/home/duguex/.conda/envs/hamgnn_v2.0_env/lib/python3.11/site-packages/torch/cuda/__init__.py:1074: UserWarning: Can't initialize NVML
  raw_cnt = _raw_device_count_nvml()
loaded /mnt/shared/work/dh_response_bulk_train/phase3/lam10_cont40/lam10c_best.ckpt (emb_q torch.Size([24, 64]))
epoch    1 | 293.3s | train H 0.0068 d 0.0777 | val H 0.0042 d 0.0765
epoch    2 | 316.6s | train H 0.0040 d 0.0767
epoch    3 | 296.2s | train H 0.0036 d 0.0763
epoch    4 | 291.9s | train H 0.0035 d 0.0760
epoch    5 | 332.9s | train H 0.0034 d 0.0758 | val H 0.0034 d 0.0751
epoch    6 | 307.6s | train H 0.0034 d 0.0755
epoch    7 | 316.2s | train H 0.0034 d 0.0753
epoch    8 | 295.0s | train H 0.0034 d 0.0750
epoch    9 | 305.6s | train H 0.0034 d 0.0747
epoch   10 | 330.8s | train H 0.0034 d 0.0745 | val H 0.0034 d 0.0739
epoch   11 | 296.5s | train H 0.0034 d 0.0741
epoch   12 | 293.6s | train H 0.0034 d 0.0738
epoch   13 | 293.4s | train H 0.0034 d 0.0735
epoch   14 | 294.7s | train H 0.0034 d 0.0733
epoch   15 | 329.4s | train H 0.0034 d 0.0729 | val H 0.0034 d 0.0724
epoch   16 | 295.7s | train H 0.0034 d 0.0726
epoch   17 | 294.0s | train H 0.0034 d 0.0723
epoch   18 | 283.4s | train H 0.0034 d 0.0720
epoch   19 | 284.1s | train H 0.0034 d 0.0717
epoch   20 | 330.1s | train H 0.0035 d 0.0714 | val H 0.0035 d 0.0708
epoch   21 | 297.2s | train H 0.0034 d 0.0710
epoch   22 | 294.8s | train H 0.0035 d 0.0708
epoch   23 | 297.3s | train H 0.0035 d 0.0705
epoch   24 | 296.2s | train H 0.0035 d 0.0701
epoch   25 | 331.9s | train H 0.0035 d 0.0698 | val H 0.0035 d 0.0692
epoch   26 | 296.2s | train H 0.0035 d 0.0695
epoch   27 | 296.3s | train H 0.0035 d 0.0692
epoch   28 | 293.9s | train H 0.0035 d 0.0689
epoch   29 | 293.3s | train H 0.0035 d 0.0686
epoch   30 | 335.8s | train H 0.0035 d 0.0683 | val H 0.0035 d 0.0677
epoch   31 | 298.7s | train H 0.0035 d 0.0680
epoch   32 | 298.2s | train H 0.0035 d 0.0677
epoch   33 | 289.4s | train H 0.0035 d 0.0674
epoch   34 | 271.4s | train H 0.0035 d 0.0671
epoch   35 | 316.6s | train H 0.0035 d 0.0669 | val H 0.0035 d 0.0662
epoch   36 | 287.4s | train H 0.0035 d 0.0665
epoch   37 | 277.9s | train H 0.0035 d 0.0663
epoch   38 | 396.3s | train H 0.0035 d 0.0660
epoch   39 | 280.6s | train H 0.0035 d 0.0657
epoch   40 | 333.4s | train H 0.0035 d 0.0654 | val H 0.0035 d 0.0647

test (folds [4]): H rel-err 0.0035 dH/dR rel-err 0.0643
wrote /mnt/shared/work/dh_response_bulk_train/phase3/lam10_cont80/lam10d_final.ckpt (best_val 0.0682)
